Archive member included to satisfy reference by file (symbol)

/usr/lib/gcc/arm-none-eabi/9.2.1/../../../arm-none-eabi/lib/thumb/v7e-m/nofp/libg.a(lib_a-errno.o)
                              lib_build/syscalls.o (__errno)
/usr/lib/gcc/arm-none-eabi/9.2.1/../../../arm-none-eabi/lib/thumb/v7e-m/nofp/libg.a(lib_a-impure.o)
                              /usr/lib/gcc/arm-none-eabi/9.2.1/../../../arm-none-eabi/lib/thumb/v7e-m/nofp/libg.a(lib_a-errno.o) (_impure_ptr)
/usr/lib/gcc/arm-none-eabi/9.2.1/../../../arm-none-eabi/lib/thumb/v7e-m/nofp/libg.a(lib_a-init.o)
                              lib_build/startup_XMC4500.o (__libc_init_array)
/usr/lib/gcc/arm-none-eabi/9.2.1/../../../arm-none-eabi/lib/thumb/v7e-m/nofp/libg.a(lib_a-isalpha.o)
                              build/PartA.o (isalpha)
/usr/lib/gcc/arm-none-eabi/9.2.1/../../../arm-none-eabi/lib/thumb/v7e-m/nofp/libg.a(lib_a-strlen.o)
                              build/PartA.o (strlen)
/usr/lib/gcc/arm-none-eabi/9.2.1/../../../arm-none-eabi/lib/thumb/v7e-m/nofp/libg.a(lib_a-tolower.o)
                              build/PartA.o (tolower)
/usr/lib/gcc/arm-none-eabi/9.2.1/../../../arm-none-eabi/lib/thumb/v7e-m/nofp/libg.a(lib_a-ctype_.o)
                              /usr/lib/gcc/arm-none-eabi/9.2.1/../../../arm-none-eabi/lib/thumb/v7e-m/nofp/libg.a(lib_a-isalpha.o) (_ctype_)

Discarded input sections

 .group         0x0000000000000000        0xc build/PartA.o
 .group         0x0000000000000000        0xc build/PartA.o
 .group         0x0000000000000000        0xc build/PartA.o
 .group         0x0000000000000000        0xc build/PartA.o
 .group         0x0000000000000000        0xc build/PartA.o
 .group         0x0000000000000000        0xc build/PartA.o
 .group         0x0000000000000000        0xc build/PartA.o
 .group         0x0000000000000000        0xc build/PartA.o
 .group         0x0000000000000000        0xc build/PartA.o
 .group         0x0000000000000000        0xc build/PartA.o
 .group         0x0000000000000000        0xc build/PartA.o
 .group         0x0000000000000000        0xc build/PartA.o
 .group         0x0000000000000000        0xc build/PartA.o
 .group         0x0000000000000000        0xc build/PartA.o
 .group         0x0000000000000000        0xc build/PartA.o
 .group         0x0000000000000000        0xc build/PartA.o
 .group         0x0000000000000000        0xc build/PartA.o
 .group         0x0000000000000000        0xc build/PartA.o
 .group         0x0000000000000000        0xc build/PartA.o
 .group         0x0000000000000000        0xc build/PartA.o
 .group         0x0000000000000000        0xc build/PartA.o
 .group         0x0000000000000000        0xc build/PartA.o
 .group         0x0000000000000000        0xc build/PartA.o
 .group         0x0000000000000000        0xc build/PartA.o
 .group         0x0000000000000000        0xc build/PartA.o
 .group         0x0000000000000000        0xc build/PartA.o
 .group         0x0000000000000000        0xc build/PartA.o
 .group         0x0000000000000000        0xc build/PartA.o
 .group         0x0000000000000000        0xc build/PartA.o
 .group         0x0000000000000000        0xc build/PartA.o
 .group         0x0000000000000000        0xc build/PartA.o
 .group         0x0000000000000000        0xc build/PartA.o
 .comment       0x0000000000000000       0x5a build/PartA.o
 .group         0x0000000000000000        0xc lib_build/xmc_gpio.o
 .group         0x0000000000000000        0xc lib_build/xmc_gpio.o
 .group         0x0000000000000000        0xc lib_build/xmc_gpio.o
 .group         0x0000000000000000        0xc lib_build/xmc_gpio.o
 .group         0x0000000000000000        0xc lib_build/xmc_gpio.o
 .group         0x0000000000000000        0xc lib_build/xmc_gpio.o
 .group         0x0000000000000000        0xc lib_build/xmc_gpio.o
 .group         0x0000000000000000        0xc lib_build/xmc_gpio.o
 .group         0x0000000000000000        0xc lib_build/xmc_gpio.o
 .group         0x0000000000000000        0xc lib_build/xmc_gpio.o
 .group         0x0000000000000000        0xc lib_build/xmc_gpio.o
 .group         0x0000000000000000        0xc lib_build/xmc_gpio.o
 .group         0x0000000000000000        0xc lib_build/xmc_gpio.o
 .group         0x0000000000000000        0xc lib_build/xmc_gpio.o
 .group         0x0000000000000000        0xc lib_build/xmc_gpio.o
 .group         0x0000000000000000        0xc lib_build/xmc_gpio.o
 .group         0x0000000000000000        0xc lib_build/xmc_gpio.o
 .group         0x0000000000000000        0xc lib_build/xmc_gpio.o
 .group         0x0000000000000000        0xc lib_build/xmc_gpio.o
 .group         0x0000000000000000        0xc lib_build/xmc_gpio.o
 .group         0x0000000000000000        0xc lib_build/xmc_gpio.o
 .group         0x0000000000000000        0xc lib_build/xmc_gpio.o
 .group         0x0000000000000000        0xc lib_build/xmc_gpio.o
 .group         0x0000000000000000        0xc lib_build/xmc_gpio.o
 .group         0x0000000000000000        0xc lib_build/xmc_gpio.o
 .group         0x0000000000000000        0xc lib_build/xmc_gpio.o
 .group         0x0000000000000000        0xc lib_build/xmc_gpio.o
 .group         0x0000000000000000        0xc lib_build/xmc_gpio.o
 .group         0x0000000000000000        0xc lib_build/xmc_gpio.o
 .group         0x0000000000000000        0xc lib_build/xmc_gpio.o
 .group         0x0000000000000000        0xc lib_build/xmc_gpio.o
 .group         0x0000000000000000        0xc lib_build/xmc_gpio.o
 .debug_macro   0x0000000000000000      0xa9c lib_build/xmc_gpio.o
 .debug_macro   0x0000000000000000      0x16d lib_build/xmc_gpio.o
 .debug_macro   0x0000000000000000      0x34e lib_build/xmc_gpio.o
 .debug_macro   0x0000000000000000       0x22 lib_build/xmc_gpio.o
 .debug_macro   0x0000000000000000       0x22 lib_build/xmc_gpio.o
 .debug_macro   0x0000000000000000       0x52 lib_build/xmc_gpio.o
 .debug_macro   0x0000000000000000       0x18 lib_build/xmc_gpio.o
 .debug_macro   0x0000000000000000       0x94 lib_build/xmc_gpio.o
 .debug_macro   0x0000000000000000       0x35 lib_build/xmc_gpio.o
 .debug_macro   0x0000000000000000       0x34 lib_build/xmc_gpio.o
 .debug_macro   0x0000000000000000       0x16 lib_build/xmc_gpio.o
 .debug_macro   0x0000000000000000       0x43 lib_build/xmc_gpio.o
 .debug_macro   0x0000000000000000       0x57 lib_build/xmc_gpio.o
 .debug_macro   0x0000000000000000       0x34 lib_build/xmc_gpio.o
 .debug_macro   0x0000000000000000       0x10 lib_build/xmc_gpio.o
 .debug_macro   0x0000000000000000       0x52 lib_build/xmc_gpio.o
 .debug_macro   0x0000000000000000      0x182 lib_build/xmc_gpio.o
 .debug_macro   0x0000000000000000      0x35c lib_build/xmc_gpio.o
 .debug_macro   0x0000000000000000       0x10 lib_build/xmc_gpio.o
 .debug_macro   0x0000000000000000       0x35 lib_build/xmc_gpio.o
 .debug_macro   0x0000000000000000      0x167 lib_build/xmc_gpio.o
 .debug_macro   0x0000000000000000       0x2d lib_build/xmc_gpio.o
 .debug_macro   0x0000000000000000       0x28 lib_build/xmc_gpio.o
 .debug_macro   0x0000000000000000       0xaf lib_build/xmc_gpio.o
 .debug_macro   0x0000000000000000      0xfe7 lib_build/xmc_gpio.o
 .debug_macro   0x0000000000000000       0x16 lib_build/xmc_gpio.o
 .debug_macro   0x0000000000000000    0x1474b lib_build/xmc_gpio.o
 .debug_macro   0x0000000000000000       0x12 lib_build/xmc_gpio.o
 .debug_macro   0x0000000000000000       0x4c lib_build/xmc_gpio.o
 .debug_macro   0x0000000000000000       0x22 lib_build/xmc_gpio.o
 .debug_macro   0x0000000000000000      0x861 lib_build/xmc_gpio.o
 .debug_macro   0x0000000000000000       0xa5 lib_build/xmc_gpio.o
 .comment       0x0000000000000000       0x5a lib_build/xmc_gpio.o
 .group         0x0000000000000000        0xc lib_build/xmc4_gpio.o
 .group         0x0000000000000000        0xc lib_build/xmc4_gpio.o
 .group         0x0000000000000000        0xc lib_build/xmc4_gpio.o
 .group         0x0000000000000000        0xc lib_build/xmc4_gpio.o
 .group         0x0000000000000000        0xc lib_build/xmc4_gpio.o
 .group         0x0000000000000000        0xc lib_build/xmc4_gpio.o
 .group         0x0000000000000000        0xc lib_build/xmc4_gpio.o
 .group         0x0000000000000000        0xc lib_build/xmc4_gpio.o
 .group         0x0000000000000000        0xc lib_build/xmc4_gpio.o
 .group         0x0000000000000000        0xc lib_build/xmc4_gpio.o
 .group         0x0000000000000000        0xc lib_build/xmc4_gpio.o
 .group         0x0000000000000000        0xc lib_build/xmc4_gpio.o
 .group         0x0000000000000000        0xc lib_build/xmc4_gpio.o
 .group         0x0000000000000000        0xc lib_build/xmc4_gpio.o
 .group         0x0000000000000000        0xc lib_build/xmc4_gpio.o
 .group         0x0000000000000000        0xc lib_build/xmc4_gpio.o
 .group         0x0000000000000000        0xc lib_build/xmc4_gpio.o
 .group         0x0000000000000000        0xc lib_build/xmc4_gpio.o
 .group         0x0000000000000000        0xc lib_build/xmc4_gpio.o
 .group         0x0000000000000000        0xc lib_build/xmc4_gpio.o
 .group         0x0000000000000000        0xc lib_build/xmc4_gpio.o
 .group         0x0000000000000000        0xc lib_build/xmc4_gpio.o
 .group         0x0000000000000000        0xc lib_build/xmc4_gpio.o
 .group         0x0000000000000000        0xc lib_build/xmc4_gpio.o
 .group         0x0000000000000000        0xc lib_build/xmc4_gpio.o
 .group         0x0000000000000000        0xc lib_build/xmc4_gpio.o
 .group         0x0000000000000000        0xc lib_build/xmc4_gpio.o
 .group         0x0000000000000000        0xc lib_build/xmc4_gpio.o
 .group         0x0000000000000000        0xc lib_build/xmc4_gpio.o
 .group         0x0000000000000000        0xc lib_build/xmc4_gpio.o
 .group         0x0000000000000000        0xc lib_build/xmc4_gpio.o
 .group         0x0000000000000000        0xc lib_build/xmc4_gpio.o
 .debug_macro   0x0000000000000000      0xa9c lib_build/xmc4_gpio.o
 .debug_macro   0x0000000000000000      0x16d lib_build/xmc4_gpio.o
 .debug_macro   0x0000000000000000      0x34e lib_build/xmc4_gpio.o
 .debug_macro   0x0000000000000000       0x22 lib_build/xmc4_gpio.o
 .debug_macro   0x0000000000000000       0x22 lib_build/xmc4_gpio.o
 .debug_macro   0x0000000000000000       0x52 lib_build/xmc4_gpio.o
 .debug_macro   0x0000000000000000       0x18 lib_build/xmc4_gpio.o
 .debug_macro   0x0000000000000000       0x94 lib_build/xmc4_gpio.o
 .debug_macro   0x0000000000000000       0x35 lib_build/xmc4_gpio.o
 .debug_macro   0x0000000000000000       0x34 lib_build/xmc4_gpio.o
 .debug_macro   0x0000000000000000       0x16 lib_build/xmc4_gpio.o
 .debug_macro   0x0000000000000000       0x43 lib_build/xmc4_gpio.o
 .debug_macro   0x0000000000000000       0x57 lib_build/xmc4_gpio.o
 .debug_macro   0x0000000000000000       0x34 lib_build/xmc4_gpio.o
 .debug_macro   0x0000000000000000       0x10 lib_build/xmc4_gpio.o
 .debug_macro   0x0000000000000000       0x52 lib_build/xmc4_gpio.o
 .debug_macro   0x0000000000000000      0x182 lib_build/xmc4_gpio.o
 .debug_macro   0x0000000000000000      0x35c lib_build/xmc4_gpio.o
 .debug_macro   0x0000000000000000       0x10 lib_build/xmc4_gpio.o
 .debug_macro   0x0000000000000000       0x35 lib_build/xmc4_gpio.o
 .debug_macro   0x0000000000000000      0x167 lib_build/xmc4_gpio.o
 .debug_macro   0x0000000000000000       0x2d lib_build/xmc4_gpio.o
 .debug_macro   0x0000000000000000       0x28 lib_build/xmc4_gpio.o
 .debug_macro   0x0000000000000000       0xaf lib_build/xmc4_gpio.o
 .debug_macro   0x0000000000000000      0xfe7 lib_build/xmc4_gpio.o
 .debug_macro   0x0000000000000000       0x16 lib_build/xmc4_gpio.o
 .debug_macro   0x0000000000000000    0x1474b lib_build/xmc4_gpio.o
 .debug_macro   0x0000000000000000       0x12 lib_build/xmc4_gpio.o
 .debug_macro   0x0000000000000000       0x4c lib_build/xmc4_gpio.o
 .debug_macro   0x0000000000000000       0x22 lib_build/xmc4_gpio.o
 .debug_macro   0x0000000000000000      0x861 lib_build/xmc4_gpio.o
 .debug_macro   0x0000000000000000       0xa5 lib_build/xmc4_gpio.o
 .comment       0x0000000000000000       0x5a lib_build/xmc4_gpio.o
 .group         0x0000000000000000        0xc lib_build/xmc_common.o
 .group         0x0000000000000000        0xc lib_build/xmc_common.o
 .group         0x0000000000000000        0xc lib_build/xmc_common.o
 .group         0x0000000000000000        0xc lib_build/xmc_common.o
 .group         0x0000000000000000        0xc lib_build/xmc_common.o
 .group         0x0000000000000000        0xc lib_build/xmc_common.o
 .group         0x0000000000000000        0xc lib_build/xmc_common.o
 .group         0x0000000000000000        0xc lib_build/xmc_common.o
 .group         0x0000000000000000        0xc lib_build/xmc_common.o
 .group         0x0000000000000000        0xc lib_build/xmc_common.o
 .group         0x0000000000000000        0xc lib_build/xmc_common.o
 .group         0x0000000000000000        0xc lib_build/xmc_common.o
 .group         0x0000000000000000        0xc lib_build/xmc_common.o
 .group         0x0000000000000000        0xc lib_build/xmc_common.o
 .group         0x0000000000000000        0xc lib_build/xmc_common.o
 .group         0x0000000000000000        0xc lib_build/xmc_common.o
 .group         0x0000000000000000        0xc lib_build/xmc_common.o
 .group         0x0000000000000000        0xc lib_build/xmc_common.o
 .group         0x0000000000000000        0xc lib_build/xmc_common.o
 .group         0x0000000000000000        0xc lib_build/xmc_common.o
 .group         0x0000000000000000        0xc lib_build/xmc_common.o
 .group         0x0000000000000000        0xc lib_build/xmc_common.o
 .group         0x0000000000000000        0xc lib_build/xmc_common.o
 .group         0x0000000000000000        0xc lib_build/xmc_common.o
 .group         0x0000000000000000        0xc lib_build/xmc_common.o
 .group         0x0000000000000000        0xc lib_build/xmc_common.o
 .group         0x0000000000000000        0xc lib_build/xmc_common.o
 .group         0x0000000000000000        0xc lib_build/xmc_common.o
 .group         0x0000000000000000        0xc lib_build/xmc_common.o
 .debug_macro   0x0000000000000000      0xa9c lib_build/xmc_common.o
 .debug_macro   0x0000000000000000      0x16d lib_build/xmc_common.o
 .debug_macro   0x0000000000000000      0x34e lib_build/xmc_common.o
 .debug_macro   0x0000000000000000       0x22 lib_build/xmc_common.o
 .debug_macro   0x0000000000000000       0x22 lib_build/xmc_common.o
 .debug_macro   0x0000000000000000       0x52 lib_build/xmc_common.o
 .debug_macro   0x0000000000000000       0x18 lib_build/xmc_common.o
 .debug_macro   0x0000000000000000       0x94 lib_build/xmc_common.o
 .debug_macro   0x0000000000000000       0x35 lib_build/xmc_common.o
 .debug_macro   0x0000000000000000       0x34 lib_build/xmc_common.o
 .debug_macro   0x0000000000000000       0x16 lib_build/xmc_common.o
 .debug_macro   0x0000000000000000       0x43 lib_build/xmc_common.o
 .debug_macro   0x0000000000000000       0x57 lib_build/xmc_common.o
 .debug_macro   0x0000000000000000       0x34 lib_build/xmc_common.o
 .debug_macro   0x0000000000000000       0x10 lib_build/xmc_common.o
 .debug_macro   0x0000000000000000       0x52 lib_build/xmc_common.o
 .debug_macro   0x0000000000000000      0x182 lib_build/xmc_common.o
 .debug_macro   0x0000000000000000      0x35c lib_build/xmc_common.o
 .debug_macro   0x0000000000000000       0x10 lib_build/xmc_common.o
 .debug_macro   0x0000000000000000       0x35 lib_build/xmc_common.o
 .debug_macro   0x0000000000000000      0x167 lib_build/xmc_common.o
 .debug_macro   0x0000000000000000       0x2d lib_build/xmc_common.o
 .debug_macro   0x0000000000000000       0x28 lib_build/xmc_common.o
 .debug_macro   0x0000000000000000       0xaf lib_build/xmc_common.o
 .debug_macro   0x0000000000000000      0xfe7 lib_build/xmc_common.o
 .debug_macro   0x0000000000000000       0x16 lib_build/xmc_common.o
 .debug_macro   0x0000000000000000    0x1474b lib_build/xmc_common.o
 .debug_macro   0x0000000000000000       0x12 lib_build/xmc_common.o
 .debug_macro   0x0000000000000000       0x4c lib_build/xmc_common.o
 .comment       0x0000000000000000       0x5a lib_build/xmc_common.o
 .group         0x0000000000000000        0xc lib_build/system_XMC4500.o
 .group         0x0000000000000000        0xc lib_build/system_XMC4500.o
 .group         0x0000000000000000        0xc lib_build/system_XMC4500.o
 .group         0x0000000000000000        0xc lib_build/system_XMC4500.o
 .group         0x0000000000000000        0xc lib_build/system_XMC4500.o
 .group         0x0000000000000000        0xc lib_build/system_XMC4500.o
 .group         0x0000000000000000        0xc lib_build/system_XMC4500.o
 .group         0x0000000000000000        0xc lib_build/system_XMC4500.o
 .group         0x0000000000000000        0xc lib_build/system_XMC4500.o
 .group         0x0000000000000000        0xc lib_build/system_XMC4500.o
 .group         0x0000000000000000        0xc lib_build/system_XMC4500.o
 .group         0x0000000000000000        0xc lib_build/system_XMC4500.o
 .group         0x0000000000000000        0xc lib_build/system_XMC4500.o
 .group         0x0000000000000000        0xc lib_build/system_XMC4500.o
 .group         0x0000000000000000        0xc lib_build/system_XMC4500.o
 .group         0x0000000000000000        0xc lib_build/system_XMC4500.o
 .group         0x0000000000000000        0xc lib_build/system_XMC4500.o
 .group         0x0000000000000000        0xc lib_build/system_XMC4500.o
 .group         0x0000000000000000        0xc lib_build/system_XMC4500.o
 .group         0x0000000000000000        0xc lib_build/system_XMC4500.o
 .group         0x0000000000000000        0xc lib_build/system_XMC4500.o
 .group         0x0000000000000000        0xc lib_build/system_XMC4500.o
 .group         0x0000000000000000        0xc lib_build/system_XMC4500.o
 .group         0x0000000000000000        0xc lib_build/system_XMC4500.o
 .group         0x0000000000000000        0xc lib_build/system_XMC4500.o
 .debug_macro   0x0000000000000000      0xa9c lib_build/system_XMC4500.o
 .debug_macro   0x0000000000000000       0x22 lib_build/system_XMC4500.o
 .debug_macro   0x0000000000000000       0x52 lib_build/system_XMC4500.o
 .debug_macro   0x0000000000000000       0x18 lib_build/system_XMC4500.o
 .debug_macro   0x0000000000000000       0x94 lib_build/system_XMC4500.o
 .debug_macro   0x0000000000000000       0x35 lib_build/system_XMC4500.o
 .debug_macro   0x0000000000000000       0x34 lib_build/system_XMC4500.o
 .debug_macro   0x0000000000000000      0x16d lib_build/system_XMC4500.o
 .debug_macro   0x0000000000000000       0x16 lib_build/system_XMC4500.o
 .debug_macro   0x0000000000000000       0x43 lib_build/system_XMC4500.o
 .debug_macro   0x0000000000000000       0x57 lib_build/system_XMC4500.o
 .debug_macro   0x0000000000000000       0x34 lib_build/system_XMC4500.o
 .debug_macro   0x0000000000000000       0x10 lib_build/system_XMC4500.o
 .debug_macro   0x0000000000000000       0x52 lib_build/system_XMC4500.o
 .debug_macro   0x0000000000000000      0x182 lib_build/system_XMC4500.o
 .debug_macro   0x0000000000000000      0x35c lib_build/system_XMC4500.o
 .debug_macro   0x0000000000000000       0x10 lib_build/system_XMC4500.o
 .debug_macro   0x0000000000000000       0x35 lib_build/system_XMC4500.o
 .debug_macro   0x0000000000000000       0x2d lib_build/system_XMC4500.o
 .debug_macro   0x0000000000000000      0x34e lib_build/system_XMC4500.o
 .debug_macro   0x0000000000000000       0xaf lib_build/system_XMC4500.o
 .debug_macro   0x0000000000000000      0xfe7 lib_build/system_XMC4500.o
 .debug_macro   0x0000000000000000       0x16 lib_build/system_XMC4500.o
 .debug_macro   0x0000000000000000    0x1474b lib_build/system_XMC4500.o
 .comment       0x0000000000000000       0x5a lib_build/system_XMC4500.o
 .group         0x0000000000000000        0xc lib_build/syscalls.o
 .group         0x0000000000000000        0xc lib_build/syscalls.o
 .group         0x0000000000000000        0xc lib_build/syscalls.o
 .group         0x0000000000000000        0xc lib_build/syscalls.o
 .group         0x0000000000000000        0xc lib_build/syscalls.o
 .group         0x0000000000000000        0xc lib_build/syscalls.o
 .group         0x0000000000000000        0xc lib_build/syscalls.o
 .group         0x0000000000000000        0xc lib_build/syscalls.o
 .group         0x0000000000000000        0xc lib_build/syscalls.o
 .group         0x0000000000000000        0xc lib_build/syscalls.o
 .group         0x0000000000000000        0xc lib_build/syscalls.o
 .group         0x0000000000000000        0xc lib_build/syscalls.o
 .group         0x0000000000000000        0xc lib_build/syscalls.o
 .group         0x0000000000000000        0xc lib_build/syscalls.o
 .group         0x0000000000000000        0xc lib_build/syscalls.o
 .group         0x0000000000000000        0xc lib_build/syscalls.o
 .group         0x0000000000000000        0xc lib_build/syscalls.o
 .group         0x0000000000000000        0xc lib_build/syscalls.o
 .group         0x0000000000000000        0xc lib_build/syscalls.o
 .group         0x0000000000000000        0xc lib_build/syscalls.o
 .group         0x0000000000000000        0xc lib_build/syscalls.o
 .group         0x0000000000000000        0xc lib_build/syscalls.o
 .group         0x0000000000000000        0xc lib_build/syscalls.o
 .group         0x0000000000000000        0xc lib_build/syscalls.o
 .group         0x0000000000000000        0xc lib_build/syscalls.o
 .group         0x0000000000000000        0xc lib_build/syscalls.o
 .group         0x0000000000000000        0xc lib_build/syscalls.o
 .group         0x0000000000000000        0xc lib_build/syscalls.o
 .group         0x0000000000000000        0xc lib_build/syscalls.o
 .debug_macro   0x0000000000000000      0xa9c lib_build/syscalls.o
 .debug_macro   0x0000000000000000      0x34e lib_build/syscalls.o
 .debug_macro   0x0000000000000000       0x22 lib_build/syscalls.o
 .debug_macro   0x0000000000000000       0x52 lib_build/syscalls.o
 .debug_macro   0x0000000000000000       0x18 lib_build/syscalls.o
 .debug_macro   0x0000000000000000       0x94 lib_build/syscalls.o
 .debug_macro   0x0000000000000000       0x35 lib_build/syscalls.o
 .debug_macro   0x0000000000000000       0x34 lib_build/syscalls.o
 .debug_macro   0x0000000000000000      0x16d lib_build/syscalls.o
 .debug_macro   0x0000000000000000       0x16 lib_build/syscalls.o
 .debug_macro   0x0000000000000000       0x43 lib_build/syscalls.o
 .debug_macro   0x0000000000000000       0x57 lib_build/syscalls.o
 .debug_macro   0x0000000000000000       0x34 lib_build/syscalls.o
 .debug_macro   0x0000000000000000       0x10 lib_build/syscalls.o
 .debug_macro   0x0000000000000000       0x52 lib_build/syscalls.o
 .debug_macro   0x0000000000000000      0x182 lib_build/syscalls.o
 .debug_macro   0x0000000000000000      0x35c lib_build/syscalls.o
 .comment       0x0000000000000000       0x5a lib_build/syscalls.o
 .comment       0x0000000000000000       0x4f /usr/lib/gcc/arm-none-eabi/9.2.1/../../../arm-none-eabi/lib/thumb/v7e-m/nofp/libg.a(lib_a-errno.o)
 .comment       0x0000000000000000       0x4f /usr/lib/gcc/arm-none-eabi/9.2.1/../../../arm-none-eabi/lib/thumb/v7e-m/nofp/libg.a(lib_a-impure.o)
 .comment       0x0000000000000000       0x4f /usr/lib/gcc/arm-none-eabi/9.2.1/../../../arm-none-eabi/lib/thumb/v7e-m/nofp/libg.a(lib_a-init.o)
 .comment       0x0000000000000000       0x4f /usr/lib/gcc/arm-none-eabi/9.2.1/../../../arm-none-eabi/lib/thumb/v7e-m/nofp/libg.a(lib_a-isalpha.o)
 .comment       0x0000000000000000       0x4f /usr/lib/gcc/arm-none-eabi/9.2.1/../../../arm-none-eabi/lib/thumb/v7e-m/nofp/libg.a(lib_a-tolower.o)
 .comment       0x0000000000000000       0x4f /usr/lib/gcc/arm-none-eabi/9.2.1/../../../arm-none-eabi/lib/thumb/v7e-m/nofp/libg.a(lib_a-ctype_.o)

Memory Configuration

Name             Origin             Length             Attributes
FLASH_1_cached   0x0000000008000000 0x0000000000100000 xr
FLASH_1_uncached 0x000000000c000000 0x0000000000100000 xr
PSRAM_1          0x0000000010000000 0x0000000000010000 !xr
DSRAM_1_system   0x0000000020000000 0x0000000000010000 !xr
DSRAM_2_comm     0x0000000030000000 0x0000000000008000 !xr
*default*        0x0000000000000000 0xffffffffffffffff

Linker script and memory map

LOAD build/PartA.o
LOAD lib_build/xmc_gpio.o
LOAD lib_build/xmc4_gpio.o
LOAD lib_build/xmc_common.o
LOAD lib_build/startup_XMC4500.o
LOAD lib_build/system_XMC4500.o
LOAD lib_build/syscalls.o
START GROUP
LOAD /usr/lib/gcc/arm-none-eabi/9.2.1/thumb/v7e-m/nofp/libgcc.a
LOAD /usr/lib/gcc/arm-none-eabi/9.2.1/../../../arm-none-eabi/lib/thumb/v7e-m/nofp/libg.a
LOAD /usr/lib/gcc/arm-none-eabi/9.2.1/../../../arm-none-eabi/lib/thumb/v7e-m/nofp/libc.a
END GROUP
START GROUP
LOAD /usr/lib/gcc/arm-none-eabi/9.2.1/thumb/v7e-m/nofp/libgcc.a
LOAD /usr/lib/gcc/arm-none-eabi/9.2.1/../../../arm-none-eabi/lib/thumb/v7e-m/nofp/libc.a
LOAD /usr/lib/gcc/arm-none-eabi/9.2.1/../../../arm-none-eabi/lib/thumb/v7e-m/nofp/libnosys.a
END GROUP
                0x0000000000000800                stack_size = DEFINED (stack_size)?stack_size:0x800
                0x0000000000000040                no_init_size = 0x40

.text           0x0000000008000000     0x13a8 load address 0x000000000c000000
                0x0000000008000000                sText = .
 *(.reset)
 .reset         0x0000000008000000      0x2b2 lib_build/startup_XMC4500.o
                0x0000000008000000                __Vectors
                0x0000000008000200                Reset_Handler
                0x00000000080002b0                VADC0_C0_3_IRQHandler
                0x00000000080002b0                DSD0_7_IRQHandler
                0x00000000080002b0                DebugMon_Handler
                0x00000000080002b0                VADC0_C0_0_IRQHandler
                0x00000000080002b0                CAN0_4_IRQHandler
                0x00000000080002b0                VADC0_G2_0_IRQHandler
                0x00000000080002b0                USIC0_5_IRQHandler
                0x00000000080002b0                POSIF0_0_IRQHandler
                0x00000000080002b0                POSIF1_0_IRQHandler
                0x00000000080002b0                HardFault_Handler
                0x00000000080002b0                VADC0_G1_1_IRQHandler
                0x00000000080002b0                PendSV_Handler
                0x00000000080002b0                NMI_Handler
                0x00000000080002b0                USIC1_3_IRQHandler
                0x00000000080002b0                CCU40_2_IRQHandler
                0x00000000080002b0                SCU_0_IRQHandler
                0x00000000080002b0                ERU0_0_IRQHandler
                0x00000000080002b0                CCU41_0_IRQHandler
                0x00000000080002b0                USIC1_5_IRQHandler
                0x00000000080002b0                DSD0_4_IRQHandler
                0x00000000080002b0                CCU80_1_IRQHandler
                0x00000000080002b0                CCU81_0_IRQHandler
                0x00000000080002b0                UsageFault_Handler
                0x00000000080002b0                USIC0_0_IRQHandler
                0x00000000080002b0                POSIF1_1_IRQHandler
                0x00000000080002b0                ERU0_2_IRQHandler
                0x00000000080002b0                CCU81_1_IRQHandler
                0x00000000080002b0                ERU1_1_IRQHandler
                0x00000000080002b0                VADC0_G2_3_IRQHandler
                0x00000000080002b0                VADC0_G2_2_IRQHandler
                0x00000000080002b0                CCU42_3_IRQHandler
                0x00000000080002b0                ERU0_3_IRQHandler
                0x00000000080002b0                DSD0_5_IRQHandler
                0x00000000080002b0                CAN0_6_IRQHandler
                0x00000000080002b0                CCU43_0_IRQHandler
                0x00000000080002b0                VADC0_G0_1_IRQHandler
                0x00000000080002b0                CCU81_2_IRQHandler
                0x00000000080002b0                USIC2_4_IRQHandler
                0x00000000080002b0                CCU81_3_IRQHandler
                0x00000000080002b0                CCU42_1_IRQHandler
                0x00000000080002b0                USIC1_1_IRQHandler
                0x00000000080002b0                USIC2_5_IRQHandler
                0x00000000080002b0                CCU40_0_IRQHandler
                0x00000000080002b0                CAN0_0_IRQHandler
                0x00000000080002b0                ERU1_0_IRQHandler
                0x00000000080002b0                CCU42_2_IRQHandler
                0x00000000080002b0                Default_Handler
                0x00000000080002b0                USIC1_4_IRQHandler
                0x00000000080002b0                ERU1_3_IRQHandler
                0x00000000080002b0                USIC1_0_IRQHandler
                0x00000000080002b0                POSIF0_1_IRQHandler
                0x00000000080002b0                VADC0_G0_0_IRQHandler
                0x00000000080002b0                DSD0_2_IRQHandler
                0x00000000080002b0                CCU80_3_IRQHandler
                0x00000000080002b0                CCU41_3_IRQHandler
                0x00000000080002b0                CCU80_2_IRQHandler
                0x00000000080002b0                VADC0_G1_3_IRQHandler
                0x00000000080002b0                VADC0_G0_3_IRQHandler
                0x00000000080002b0                GPDMA0_0_IRQHandler
                0x00000000080002b0                PMU0_0_IRQHandler
                0x00000000080002b0                CAN0_7_IRQHandler
                0x00000000080002b0                DSD0_1_IRQHandler
                0x00000000080002b0                CCU41_2_IRQHandler
                0x00000000080002b0                VADC0_C0_1_IRQHandler
                0x00000000080002b0                CCU43_2_IRQHandler
                0x00000000080002b0                USIC2_2_IRQHandler
                0x00000000080002b0                MemManage_Handler
                0x00000000080002b0                VADC0_G3_1_IRQHandler
                0x00000000080002b0                DAC0_0_IRQHandler
                0x00000000080002b0                SVC_Handler
                0x00000000080002b0                VADC0_G3_3_IRQHandler
                0x00000000080002b0                ERU1_2_IRQHandler
                0x00000000080002b0                CCU41_1_IRQHandler
                0x00000000080002b0                DSD0_6_IRQHandler
                0x00000000080002b0                CCU43_1_IRQHandler
                0x00000000080002b0                VADC0_G1_2_IRQHandler
                0x00000000080002b0                USIC2_3_IRQHandler
                0x00000000080002b0                CAN0_2_IRQHandler
                0x00000000080002b0                USIC2_0_IRQHandler
                0x00000000080002b0                VADC0_G0_2_IRQHandler
                0x00000000080002b0                VADC0_G2_1_IRQHandler
                0x00000000080002b0                CAN0_3_IRQHandler
                0x00000000080002b0                ETH0_0_IRQHandler
                0x00000000080002b0                USIC0_3_IRQHandler
                0x00000000080002b0                DSD0_0_IRQHandler
                0x00000000080002b0                VADC0_C0_2_IRQHandler
                0x00000000080002b0                CCU42_0_IRQHandler
                0x00000000080002b0                FCE0_0_IRQHandler
                0x00000000080002b0                VADC0_G1_0_IRQHandler
                0x00000000080002b0                USB0_0_IRQHandler
                0x00000000080002b0                CAN0_5_IRQHandler
                0x00000000080002b0                CCU80_0_IRQHandler
                0x00000000080002b0                CCU40_1_IRQHandler
                0x00000000080002b0                USIC2_1_IRQHandler
                0x00000000080002b0                USIC0_1_IRQHandler
                0x00000000080002b0                VADC0_G3_2_IRQHandler
                0x00000000080002b0                CCU40_3_IRQHandler
                0x00000000080002b0                BusFault_Handler
                0x00000000080002b0                LEDTS0_0_IRQHandler
                0x00000000080002b0                USIC0_4_IRQHandler
                0x00000000080002b0                CCU43_3_IRQHandler
                0x00000000080002b0                ERU0_1_IRQHandler
                0x00000000080002b0                VADC0_G3_0_IRQHandler
                0x00000000080002b0                USIC1_2_IRQHandler
                0x00000000080002b0                DSD0_3_IRQHandler
                0x00000000080002b0                SDMMC0_0_IRQHandler
                0x00000000080002b0                CAN0_1_IRQHandler
                0x00000000080002b0                USIC0_2_IRQHandler
                0x00000000080002b0                DAC0_1_IRQHandler
                0x00000000080002b0                GPDMA1_0_IRQHandler
 *(.text .text.* .gnu.linkonce.t.*)
 .text          0x00000000080002b2        0x0 build/PartA.o
 *fill*         0x00000000080002b2        0x2 
 .text.__NVIC_SetPriority
                0x00000000080002b4       0x54 build/PartA.o
 .text.SysTick_Config
                0x0000000008000308       0x44 build/PartA.o
 .text.XMC_GPIO_SetOutputHigh
                0x000000000800034c       0x22 build/PartA.o
 .text.XMC_GPIO_SetOutputLow
                0x000000000800036e       0x24 build/PartA.o
 *fill*         0x0000000008000392        0x2 
 .text.SysTick_Handler
                0x0000000008000394       0x24 build/PartA.o
                0x0000000008000394                SysTick_Handler
 .text.delay    0x00000000080003b8       0x2c build/PartA.o
                0x00000000080003b8                delay
 .text.char2morse
                0x00000000080003e4       0xb8 build/PartA.o
                0x00000000080003e4                char2morse
 .text.main     0x000000000800049c      0x144 build/PartA.o
                0x000000000800049c                main
 .text          0x00000000080005e0        0x0 lib_build/xmc_gpio.o
 .text.XMC_GPIO_SetMode
                0x00000000080005e0       0x82 lib_build/xmc_gpio.o
                0x00000000080005e0                XMC_GPIO_SetMode
 .text.XMC_GPIO_SetHardwareControl
                0x0000000008000662       0x46 lib_build/xmc_gpio.o
                0x0000000008000662                XMC_GPIO_SetHardwareControl
 .text          0x00000000080006a8        0x0 lib_build/xmc4_gpio.o
 .text.XMC_GPIO_Init
                0x00000000080006a8      0x144 lib_build/xmc4_gpio.o
                0x00000000080006a8                XMC_GPIO_Init
 .text.XMC_GPIO_SetOutputStrength
                0x00000000080007ec       0x86 lib_build/xmc4_gpio.o
                0x00000000080007ec                XMC_GPIO_SetOutputStrength
 .text          0x0000000008000872        0x0 lib_build/xmc_common.o
 .text.XMC_PRIOARRAY_GetHead
                0x0000000008000872       0x2a lib_build/xmc_common.o
 .text.XMC_PRIOARRAY_GetItemPriority
                0x000000000800089c       0x28 lib_build/xmc_common.o
 .text.XMC_PRIOARRAY_GetItemNext
                0x00000000080008c4       0x28 lib_build/xmc_common.o
 .text.XMC_LIST_Init
                0x00000000080008ec       0x1a lib_build/xmc_common.o
                0x00000000080008ec                XMC_LIST_Init
 .text.XMC_LIST_GetHead
                0x0000000008000906       0x18 lib_build/xmc_common.o
                0x0000000008000906                XMC_LIST_GetHead
 .text.XMC_LIST_GetTail
                0x000000000800091e       0x3a lib_build/xmc_common.o
                0x000000000800091e                XMC_LIST_GetTail
 .text.XMC_LIST_Add
                0x0000000008000958       0x34 lib_build/xmc_common.o
                0x0000000008000958                XMC_LIST_Add
 .text.XMC_LIST_Remove
                0x000000000800098c       0x64 lib_build/xmc_common.o
                0x000000000800098c                XMC_LIST_Remove
 .text.XMC_LIST_Insert
                0x00000000080009f0       0x3c lib_build/xmc_common.o
                0x00000000080009f0                XMC_LIST_Insert
 .text.XMC_PRIOARRAY_Init
                0x0000000008000a2c       0xb2 lib_build/xmc_common.o
                0x0000000008000a2c                XMC_PRIOARRAY_Init
 .text.XMC_PRIOARRAY_Add
                0x0000000008000ade       0xb0 lib_build/xmc_common.o
                0x0000000008000ade                XMC_PRIOARRAY_Add
 .text.XMC_PRIOARRAY_Remove
                0x0000000008000b8e       0x66 lib_build/xmc_common.o
                0x0000000008000b8e                XMC_PRIOARRAY_Remove
 .text          0x0000000008000bf4        0x0 lib_build/startup_XMC4500.o
 .text          0x0000000008000bf4        0x0 lib_build/system_XMC4500.o
 .text.delay    0x0000000008000bf4       0x2c lib_build/system_XMC4500.o
 .text.SystemInit
                0x0000000008000c20       0x24 lib_build/system_XMC4500.o
                0x0000000008000c20                SystemInit
 .text.SystemCoreSetup
                0x0000000008000c44       0x78 lib_build/system_XMC4500.o
                0x0000000008000c44                SystemCoreSetup
 .text.SystemCoreClockSetup
                0x0000000008000cbc      0x208 lib_build/system_XMC4500.o
                0x0000000008000cbc                SystemCoreClockSetup
 .text.SystemCoreClockUpdate
                0x0000000008000ec4       0xd4 lib_build/system_XMC4500.o
                0x0000000008000ec4                SystemCoreClockUpdate
 .text.OSCHP_GetFrequency
                0x0000000008000f98       0x14 lib_build/system_XMC4500.o
                0x0000000008000f98                OSCHP_GetFrequency
 .text          0x0000000008000fac        0x0 lib_build/syscalls.o
 .text._sbrk    0x0000000008000fac       0x68 lib_build/syscalls.o
                0x0000000008000fac                _sbrk
 .text._init    0x0000000008001014        0xe lib_build/syscalls.o
                0x0000000008001014                _init
 *fill*         0x0000000008001022        0x2 
 .text          0x0000000008001024        0xc /usr/lib/gcc/arm-none-eabi/9.2.1/../../../arm-none-eabi/lib/thumb/v7e-m/nofp/libg.a(lib_a-errno.o)
                0x0000000008001024                __errno
 .text          0x0000000008001030        0x0 /usr/lib/gcc/arm-none-eabi/9.2.1/../../../arm-none-eabi/lib/thumb/v7e-m/nofp/libg.a(lib_a-impure.o)
 .text          0x0000000008001030       0x48 /usr/lib/gcc/arm-none-eabi/9.2.1/../../../arm-none-eabi/lib/thumb/v7e-m/nofp/libg.a(lib_a-init.o)
                0x0000000008001030                __libc_init_array
 .text          0x0000000008001078       0x10 /usr/lib/gcc/arm-none-eabi/9.2.1/../../../arm-none-eabi/lib/thumb/v7e-m/nofp/libg.a(lib_a-isalpha.o)
                0x0000000008001078                isalpha
 *fill*         0x0000000008001088       0x38 
 .text          0x00000000080010c0       0xdc /usr/lib/gcc/arm-none-eabi/9.2.1/../../../arm-none-eabi/lib/thumb/v7e-m/nofp/libg.a(lib_a-strlen.o)
                0x00000000080010c0                strlen
 .text          0x000000000800119c       0x14 /usr/lib/gcc/arm-none-eabi/9.2.1/../../../arm-none-eabi/lib/thumb/v7e-m/nofp/libg.a(lib_a-tolower.o)
                0x000000000800119c                tolower
 .text          0x00000000080011b0        0x0 /usr/lib/gcc/arm-none-eabi/9.2.1/../../../arm-none-eabi/lib/thumb/v7e-m/nofp/libg.a(lib_a-ctype_.o)
 *(.init)
 *(.fini)
 *crtbegin.o(.ctors)
 *crtbegin?.o(.ctors)
 *(EXCLUDE_FILE(*crtend.o *crtend?.o) .ctors)
 *(SORT_BY_NAME(.ctors.*))
 *(.ctors)
 *crtbegin.o(.dtors)
 *crtbegin?.o(.dtors)
 *(EXCLUDE_FILE(*crtend.o *crtend?.o) .dtors)
 *(SORT_BY_NAME(.dtors.*))
 *(.dtors)
 *(.rodata .rodata.*)
 .rodata        0x00000000080011b0       0xef build/PartA.o
 *fill*         0x000000000800129f        0x1 
 .rodata        0x00000000080012a0        0x4 /usr/lib/gcc/arm-none-eabi/9.2.1/../../../arm-none-eabi/lib/thumb/v7e-m/nofp/libg.a(lib_a-impure.o)
                0x00000000080012a0                _global_impure_ptr
 .rodata        0x00000000080012a4      0x101 /usr/lib/gcc/arm-none-eabi/9.2.1/../../../arm-none-eabi/lib/thumb/v7e-m/nofp/libg.a(lib_a-ctype_.o)
                0x00000000080012a4                _ctype_
 *(.gnu.linkonce.r*)
 *(vtable)
                0x00000000080013a8                . = ALIGN (0x4)
 *fill*         0x00000000080013a5        0x3 

.glue_7         0x00000000080013a8        0x0 load address 0x000000000c0013a8
 .glue_7        0x00000000080013a8        0x0 linker stubs

.glue_7t        0x00000000080013a8        0x0 load address 0x000000000c0013a8
 .glue_7t       0x00000000080013a8        0x0 linker stubs

.vfp11_veneer   0x00000000080013a8        0x0 load address 0x000000000c0013a8
 .vfp11_veneer  0x00000000080013a8        0x0 linker stubs

.v4_bx          0x00000000080013a8        0x0 load address 0x000000000c0013a8
 .v4_bx         0x00000000080013a8        0x0 linker stubs

.iplt           0x00000000080013a8        0x0 load address 0x000000000c0013a8
 .iplt          0x00000000080013a8        0x0 build/PartA.o

.rel.dyn        0x00000000080013a8        0x0 load address 0x000000000c0013a8
 .rel.iplt      0x00000000080013a8        0x0 build/PartA.o

.eh_frame_hdr
 *(.eh_frame_hdr)

.eh_frame
 *(.eh_frame)

.ARM.extab
 *(.ARM.extab* .gnu.linkonce.armextab.*)
                0x00000000080013a8                . = ALIGN (0x4)
                0x00000000080013a8                __exidx_start = .

.ARM.exidx
 *(.ARM.exidx* .gnu.linkonce.armexidx.*)
                0x00000000080013a8                __exidx_end = .
                0x00000000080013a8                . = ALIGN (0x4)

Stack           0x0000000010000000      0x800
                0x0000000010000000                __stack_start = .
                0x0000000010000800                . = (. + stack_size)
 *fill*         0x0000000010000000      0x800 
                0x0000000010000800                __stack_end = .
                0x0000000010000800                __initial_sp = .

.ram_code       0x0000000010000800        0x0 load address 0x000000000c0013a8
                0x0000000010000800                . = ALIGN (0x4)
                0x0000000010000800                __ram_code_start = .
 *(.ram_code)
                0x0000000010000800                . = ALIGN (0x4)
                0x0000000010000800                __ram_code_end = .
                0x000000000c0013a8                __ram_code_load = LOADADDR (.ram_code)
                0x0000000000000000                __ram_code_size = (__ram_code_end - __ram_code_start)

PSRAM_DATA      0x0000000010000800        0x0 load address 0x000000000c0013a8
                0x0000000010000800                . = ALIGN (0x4)
                0x0000000010000800                __data3_start = .
 *(PSRAM_DATA)
                0x0000000010000800                . = ALIGN (0x4)
                0x0000000010000800                __data3_end = .
                0x000000000c0013a8                __data3_load = LOADADDR (PSRAM_DATA)
                0x0000000000000000                __data3_size = (__data3_end - __data3_start)

PSRAM_BSS       0x0000000010000800        0x0 load address 0x000000000c0013a8
                0x0000000010000800                . = ALIGN (0x4)
                0x0000000010000800                __bss3_start = .
 *(PSRAM_BSS)
                0x0000000010000800                . = ALIGN (0x4)
                0x0000000010000800                __bss3_end = .
                0x0000000010000800                . = ALIGN (0x8)
                0x0000000010000800                Heap_Bank3_Start = .
                0x0000000000000000                __bss3_size = (__bss3_end - __bss3_start)

.data           0x0000000020000000      0x4d0 load address 0x000000000c0013a8
                0x0000000020000000                . = ALIGN (0x4)
                0x0000000020000000                __data_start = .
 *(.data)
 .data          0x0000000020000000       0x9c build/PartA.o
                0x0000000020000090                textString
 .data          0x000000002000009c        0x0 lib_build/xmc_gpio.o
 .data          0x000000002000009c        0x0 lib_build/xmc4_gpio.o
 .data          0x000000002000009c        0x0 lib_build/xmc_common.o
 .data          0x000000002000009c        0x0 lib_build/startup_XMC4500.o
 .data          0x000000002000009c        0x0 lib_build/system_XMC4500.o
 .data          0x000000002000009c        0x0 lib_build/syscalls.o
 .data          0x000000002000009c        0x0 /usr/lib/gcc/arm-none-eabi/9.2.1/../../../arm-none-eabi/lib/thumb/v7e-m/nofp/libg.a(lib_a-errno.o)
 *fill*         0x000000002000009c        0x4 
 .data          0x00000000200000a0      0x430 /usr/lib/gcc/arm-none-eabi/9.2.1/../../../arm-none-eabi/lib/thumb/v7e-m/nofp/libg.a(lib_a-impure.o)
                0x00000000200000a0                _impure_ptr
 .data          0x00000000200004d0        0x0 /usr/lib/gcc/arm-none-eabi/9.2.1/../../../arm-none-eabi/lib/thumb/v7e-m/nofp/libg.a(lib_a-init.o)
 .data          0x00000000200004d0        0x0 /usr/lib/gcc/arm-none-eabi/9.2.1/../../../arm-none-eabi/lib/thumb/v7e-m/nofp/libg.a(lib_a-isalpha.o)
 .data          0x00000000200004d0        0x0 /usr/lib/gcc/arm-none-eabi/9.2.1/../../../arm-none-eabi/lib/thumb/v7e-m/nofp/libg.a(lib_a-strlen.o)
 .data          0x00000000200004d0        0x0 /usr/lib/gcc/arm-none-eabi/9.2.1/../../../arm-none-eabi/lib/thumb/v7e-m/nofp/libg.a(lib_a-tolower.o)
 .data          0x00000000200004d0        0x0 /usr/lib/gcc/arm-none-eabi/9.2.1/../../../arm-none-eabi/lib/thumb/v7e-m/nofp/libg.a(lib_a-ctype_.o)
 *(.data*)
 *(*.data)
 *(.gnu.linkonce.d*)
                0x00000000200004d0                . = ALIGN (0x4)
                0x00000000200004d0                PROVIDE (__preinit_array_start = .)
 *(.preinit_array)
                0x00000000200004d0                PROVIDE (__preinit_array_end = .)
                0x00000000200004d0                . = ALIGN (0x4)
                0x00000000200004d0                PROVIDE (__init_array_start = .)
 *(SORT_BY_NAME(.init_array.*))
 *(.init_array)
                0x00000000200004d0                PROVIDE (__init_array_end = .)
                0x00000000200004d0                . = ALIGN (0x4)
                [!provide]                        PROVIDE (__fini_array_start = .)
 *(SORT_BY_NAME(.fini_array.*))
 *(.fini_array)
                [!provide]                        PROVIDE (__fini_array_end = .)
                0x00000000200004d0                . = ALIGN (0x4)
                0x00000000200004d0                __data_end = .
                0x000000000c0013a8                __data_load = LOADADDR (.data)
                0x00000000000004d0                __data_size = (__data_end - __data_start)

.igot.plt       0x00000000200004d0        0x0 load address 0x000000000c001878
 .igot.plt      0x00000000200004d0        0x0 build/PartA.o

.bss            0x00000000200004d0       0x10 load address 0x000000000c001878
                0x00000000200004d0                . = ALIGN (0x4)
                0x00000000200004d0                __bss_start = .
 *(.bss)
 .bss           0x00000000200004d0        0x4 build/PartA.o
                0x00000000200004d0                ticks
 .bss           0x00000000200004d4        0x0 lib_build/xmc_gpio.o
 .bss           0x00000000200004d4        0x0 lib_build/xmc4_gpio.o
 .bss           0x00000000200004d4        0x0 lib_build/xmc_common.o
 .bss           0x00000000200004d4        0x0 lib_build/startup_XMC4500.o
 .bss           0x00000000200004d4        0x0 lib_build/system_XMC4500.o
 .bss           0x00000000200004d4        0x8 lib_build/syscalls.o
                0x00000000200004d4                __dso_handle
 .bss           0x00000000200004dc        0x0 /usr/lib/gcc/arm-none-eabi/9.2.1/../../../arm-none-eabi/lib/thumb/v7e-m/nofp/libg.a(lib_a-errno.o)
 .bss           0x00000000200004dc        0x0 /usr/lib/gcc/arm-none-eabi/9.2.1/../../../arm-none-eabi/lib/thumb/v7e-m/nofp/libg.a(lib_a-impure.o)
 .bss           0x00000000200004dc        0x0 /usr/lib/gcc/arm-none-eabi/9.2.1/../../../arm-none-eabi/lib/thumb/v7e-m/nofp/libg.a(lib_a-init.o)
 .bss           0x00000000200004dc        0x0 /usr/lib/gcc/arm-none-eabi/9.2.1/../../../arm-none-eabi/lib/thumb/v7e-m/nofp/libg.a(lib_a-isalpha.o)
 .bss           0x00000000200004dc        0x0 /usr/lib/gcc/arm-none-eabi/9.2.1/../../../arm-none-eabi/lib/thumb/v7e-m/nofp/libg.a(lib_a-strlen.o)
 .bss           0x00000000200004dc        0x0 /usr/lib/gcc/arm-none-eabi/9.2.1/../../../arm-none-eabi/lib/thumb/v7e-m/nofp/libg.a(lib_a-tolower.o)
 .bss           0x00000000200004dc        0x0 /usr/lib/gcc/arm-none-eabi/9.2.1/../../../arm-none-eabi/lib/thumb/v7e-m/nofp/libg.a(lib_a-ctype_.o)
 *(.bss*)
 *(COMMON)
 *(.gnu.linkonce.b*)
                0x00000000200004dc                . = ALIGN (0x4)
                0x00000000200004dc                __bss_end = .
                0x00000000200004e0                . = ALIGN (0x8)
 *fill*         0x00000000200004dc        0x4 
                0x00000000200004e0                Heap_Bank1_Start = .
                0x000000000000000c                __bss_size = (__bss_end - __bss_start)

.no_init        0x000000002000ffc0       0x14
                0x000000002000ffc0                Heap_Bank1_End = .
 *(.no_init)
 .no_init       0x000000002000ffc0       0x14 lib_build/system_XMC4500.o
                0x000000002000ffc0                SystemCoreClock
                0x000000002000ffc4                g_chipid

DSRAM2_DATA     0x0000000030000000        0x0 load address 0x000000000c001878
                0x0000000030000000                . = ALIGN (0x4)
                0x0000000030000000                __data2_start = .
 *(DSRAM2_DATA)
                0x0000000030000000                . = ALIGN (0x4)
                0x0000000030000000                __data2_end = .
                0x000000000c001878                __data2_load = LOADADDR (DSRAM2_DATA)
                0x0000000000000000                __data2_size = (__data2_end - __data2_start)
                0x0000000000001878                __text_size = (((((__exidx_end - sText) + __data_size) + __ram_code_size) + __data2_size) + __data3_size)
                0x0000000008001878                eText = (sText + __text_size)

DSRAM2_BSS      0x0000000030000000        0x0 load address 0x000000000c001878
                0x0000000030000000                . = ALIGN (0x4)
                0x0000000030000000                __bss2_start = .
 *(ETH_RAM)
 *(USB_RAM)
 *(DSRAM2_BSS)
                0x0000000030000000                . = ALIGN (0x4)
                0x0000000030000000                __bss2_end = .
                0x0000000030000000                . = ALIGN (0x8)
                0x0000000030000000                Heap_Bank2_Start = .
                0x0000000000000000                __bss2_size = (__bss2_end - __bss2_start)
                0x000000000000fae0                Heap_Bank1_Size = (Heap_Bank1_End - Heap_Bank1_Start)
                0x0000000000008000                Heap_Bank2_Size = (LENGTH (DSRAM_2_comm) - (Heap_Bank2_Start - ORIGIN (DSRAM_2_comm)))
                0x000000000000f800                Heap_Bank3_Size = (LENGTH (PSRAM_1) - (Heap_Bank3_Start - ORIGIN (PSRAM_1)))
                0x0000000000000001                ASSERT ((Heap_Bank1_Start <= Heap_Bank1_End), region SRAM_combined overflowed no_init section)

/DISCARD/
 *(.comment)

.stab
 *(.stab)

.stabstr
 *(.stabstr)

.debug
 *(.debug)

.line
 *(.line)

.debug_srcinfo
 *(.debug_srcinfo)

.debug_sfnames
 *(.debug_sfnames)

.debug_aranges  0x0000000000000000      0x280
 *(.debug_aranges)
 .debug_aranges
                0x0000000000000000       0x58 build/PartA.o
 .debug_aranges
                0x0000000000000058       0x28 lib_build/xmc_gpio.o
 .debug_aranges
                0x0000000000000080       0x28 lib_build/xmc4_gpio.o
 .debug_aranges
                0x00000000000000a8       0x78 lib_build/xmc_common.o
 .debug_aranges
                0x0000000000000120       0x20 lib_build/startup_XMC4500.o
 .debug_aranges
                0x0000000000000140       0x48 lib_build/system_XMC4500.o
 .debug_aranges
                0x0000000000000188       0x28 lib_build/syscalls.o
 .debug_aranges
                0x00000000000001b0       0x20 /usr/lib/gcc/arm-none-eabi/9.2.1/../../../arm-none-eabi/lib/thumb/v7e-m/nofp/libg.a(lib_a-errno.o)
 .debug_aranges
                0x00000000000001d0       0x18 /usr/lib/gcc/arm-none-eabi/9.2.1/../../../arm-none-eabi/lib/thumb/v7e-m/nofp/libg.a(lib_a-impure.o)
 .debug_aranges
                0x00000000000001e8       0x20 /usr/lib/gcc/arm-none-eabi/9.2.1/../../../arm-none-eabi/lib/thumb/v7e-m/nofp/libg.a(lib_a-init.o)
 .debug_aranges
                0x0000000000000208       0x20 /usr/lib/gcc/arm-none-eabi/9.2.1/../../../arm-none-eabi/lib/thumb/v7e-m/nofp/libg.a(lib_a-isalpha.o)
 .debug_aranges
                0x0000000000000228       0x20 /usr/lib/gcc/arm-none-eabi/9.2.1/../../../arm-none-eabi/lib/thumb/v7e-m/nofp/libg.a(lib_a-strlen.o)
 .debug_aranges
                0x0000000000000248       0x20 /usr/lib/gcc/arm-none-eabi/9.2.1/../../../arm-none-eabi/lib/thumb/v7e-m/nofp/libg.a(lib_a-tolower.o)
 .debug_aranges
                0x0000000000000268       0x18 /usr/lib/gcc/arm-none-eabi/9.2.1/../../../arm-none-eabi/lib/thumb/v7e-m/nofp/libg.a(lib_a-ctype_.o)

.debug_pubnames
 *(.debug_pubnames)

.debug_pubtypes
 *(.debug_pubtypes)

.debug_info     0x0000000000000000     0x80a3
 *(.debug_info .gnu.linkonce.wi.*)
 .debug_info    0x0000000000000000     0x1622 build/PartA.o
 .debug_info    0x0000000000001622      0xd3a lib_build/xmc_gpio.o
 .debug_info    0x000000000000235c      0xdd0 lib_build/xmc4_gpio.o
 .debug_info    0x000000000000312c      0xe24 lib_build/xmc_common.o
 .debug_info    0x0000000000003f50       0x26 lib_build/startup_XMC4500.o
 .debug_info    0x0000000000003f76     0x129e lib_build/system_XMC4500.o
 .debug_info    0x0000000000005214      0xab9 lib_build/syscalls.o
 .debug_info    0x0000000000005ccd      0x953 /usr/lib/gcc/arm-none-eabi/9.2.1/../../../arm-none-eabi/lib/thumb/v7e-m/nofp/libg.a(lib_a-errno.o)
 .debug_info    0x0000000000006620      0x92a /usr/lib/gcc/arm-none-eabi/9.2.1/../../../arm-none-eabi/lib/thumb/v7e-m/nofp/libg.a(lib_a-impure.o)
 .debug_info    0x0000000000006f4a      0x11a /usr/lib/gcc/arm-none-eabi/9.2.1/../../../arm-none-eabi/lib/thumb/v7e-m/nofp/libg.a(lib_a-init.o)
 .debug_info    0x0000000000007064       0xc4 /usr/lib/gcc/arm-none-eabi/9.2.1/../../../arm-none-eabi/lib/thumb/v7e-m/nofp/libg.a(lib_a-isalpha.o)
 .debug_info    0x0000000000007128       0x26 /usr/lib/gcc/arm-none-eabi/9.2.1/../../../arm-none-eabi/lib/thumb/v7e-m/nofp/libg.a(lib_a-strlen.o)
 .debug_info    0x000000000000714e       0xc4 /usr/lib/gcc/arm-none-eabi/9.2.1/../../../arm-none-eabi/lib/thumb/v7e-m/nofp/libg.a(lib_a-tolower.o)
 .debug_info    0x0000000000007212      0xe91 /usr/lib/gcc/arm-none-eabi/9.2.1/../../../arm-none-eabi/lib/thumb/v7e-m/nofp/libg.a(lib_a-ctype_.o)

.debug_abbrev   0x0000000000000000     0x15fa
 *(.debug_abbrev)
 .debug_abbrev  0x0000000000000000      0x358 build/PartA.o
 .debug_abbrev  0x0000000000000358      0x226 lib_build/xmc_gpio.o
 .debug_abbrev  0x000000000000057e      0x215 lib_build/xmc4_gpio.o
 .debug_abbrev  0x0000000000000793      0x25e lib_build/xmc_common.o
 .debug_abbrev  0x00000000000009f1       0x14 lib_build/startup_XMC4500.o
 .debug_abbrev  0x0000000000000a05      0x2c5 lib_build/system_XMC4500.o
 .debug_abbrev  0x0000000000000cca      0x208 lib_build/syscalls.o
 .debug_abbrev  0x0000000000000ed2      0x1d6 /usr/lib/gcc/arm-none-eabi/9.2.1/../../../arm-none-eabi/lib/thumb/v7e-m/nofp/libg.a(lib_a-errno.o)
 .debug_abbrev  0x00000000000010a8      0x1b8 /usr/lib/gcc/arm-none-eabi/9.2.1/../../../arm-none-eabi/lib/thumb/v7e-m/nofp/libg.a(lib_a-impure.o)
 .debug_abbrev  0x0000000000001260       0xcc /usr/lib/gcc/arm-none-eabi/9.2.1/../../../arm-none-eabi/lib/thumb/v7e-m/nofp/libg.a(lib_a-init.o)
 .debug_abbrev  0x000000000000132c       0x82 /usr/lib/gcc/arm-none-eabi/9.2.1/../../../arm-none-eabi/lib/thumb/v7e-m/nofp/libg.a(lib_a-isalpha.o)
 .debug_abbrev  0x00000000000013ae       0x14 /usr/lib/gcc/arm-none-eabi/9.2.1/../../../arm-none-eabi/lib/thumb/v7e-m/nofp/libg.a(lib_a-strlen.o)
 .debug_abbrev  0x00000000000013c2       0x82 /usr/lib/gcc/arm-none-eabi/9.2.1/../../../arm-none-eabi/lib/thumb/v7e-m/nofp/libg.a(lib_a-tolower.o)
 .debug_abbrev  0x0000000000001444      0x1b6 /usr/lib/gcc/arm-none-eabi/9.2.1/../../../arm-none-eabi/lib/thumb/v7e-m/nofp/libg.a(lib_a-ctype_.o)

.debug_line     0x0000000000000000     0x2158
 *(.debug_line)
 .debug_line    0x0000000000000000      0x4e5 build/PartA.o
 .debug_line    0x00000000000004e5      0x3a5 lib_build/xmc_gpio.o
 .debug_line    0x000000000000088a      0x41b lib_build/xmc4_gpio.o
 .debug_line    0x0000000000000ca5      0x577 lib_build/xmc_common.o
 .debug_line    0x000000000000121c       0xd1 lib_build/startup_XMC4500.o
 .debug_line    0x00000000000012ed      0x56c lib_build/system_XMC4500.o
 .debug_line    0x0000000000001859      0x29b lib_build/syscalls.o
 .debug_line    0x0000000000001af4      0x108 /usr/lib/gcc/arm-none-eabi/9.2.1/../../../arm-none-eabi/lib/thumb/v7e-m/nofp/libg.a(lib_a-errno.o)
 .debug_line    0x0000000000001bfc       0xe3 /usr/lib/gcc/arm-none-eabi/9.2.1/../../../arm-none-eabi/lib/thumb/v7e-m/nofp/libg.a(lib_a-impure.o)
 .debug_line    0x0000000000001cdf      0x10d /usr/lib/gcc/arm-none-eabi/9.2.1/../../../arm-none-eabi/lib/thumb/v7e-m/nofp/libg.a(lib_a-init.o)
 .debug_line    0x0000000000001dec       0xb3 /usr/lib/gcc/arm-none-eabi/9.2.1/../../../arm-none-eabi/lib/thumb/v7e-m/nofp/libg.a(lib_a-isalpha.o)
 .debug_line    0x0000000000001e9f       0xaf /usr/lib/gcc/arm-none-eabi/9.2.1/../../../arm-none-eabi/lib/thumb/v7e-m/nofp/libg.a(lib_a-strlen.o)
 .debug_line    0x0000000000001f4e       0xb6 /usr/lib/gcc/arm-none-eabi/9.2.1/../../../arm-none-eabi/lib/thumb/v7e-m/nofp/libg.a(lib_a-tolower.o)
 .debug_line    0x0000000000002004      0x154 /usr/lib/gcc/arm-none-eabi/9.2.1/../../../arm-none-eabi/lib/thumb/v7e-m/nofp/libg.a(lib_a-ctype_.o)

.debug_frame    0x0000000000000000      0x5a0
 *(.debug_frame)
 .debug_frame   0x0000000000000000      0x138 build/PartA.o
 .debug_frame   0x0000000000000138       0x60 lib_build/xmc_gpio.o
 .debug_frame   0x0000000000000198       0x60 lib_build/xmc4_gpio.o
 .debug_frame   0x00000000000001f8      0x1e8 lib_build/xmc_common.o
 .debug_frame   0x00000000000003e0       0xe0 lib_build/system_XMC4500.o
 .debug_frame   0x00000000000004c0       0x54 lib_build/syscalls.o
 .debug_frame   0x0000000000000514       0x20 /usr/lib/gcc/arm-none-eabi/9.2.1/../../../arm-none-eabi/lib/thumb/v7e-m/nofp/libg.a(lib_a-errno.o)
 .debug_frame   0x0000000000000534       0x2c /usr/lib/gcc/arm-none-eabi/9.2.1/../../../arm-none-eabi/lib/thumb/v7e-m/nofp/libg.a(lib_a-init.o)
 .debug_frame   0x0000000000000560       0x20 /usr/lib/gcc/arm-none-eabi/9.2.1/../../../arm-none-eabi/lib/thumb/v7e-m/nofp/libg.a(lib_a-isalpha.o)
 .debug_frame   0x0000000000000580       0x20 /usr/lib/gcc/arm-none-eabi/9.2.1/../../../arm-none-eabi/lib/thumb/v7e-m/nofp/libg.a(lib_a-tolower.o)

.debug_str      0x0000000000000000    0x765a7
 *(.debug_str)
 .debug_str     0x0000000000000000    0x73e03 build/PartA.o
                                      0x740cb (size before relaxing)
 .debug_str     0x0000000000073e03       0xd3 lib_build/xmc_gpio.o
                                      0x737f4 (size before relaxing)
 .debug_str     0x0000000000073ed6       0x9e lib_build/xmc4_gpio.o
                                      0x73979 (size before relaxing)
 .debug_str     0x0000000000073f74      0x1b5 lib_build/xmc_common.o
                                      0x6f95f (size before relaxing)
 .debug_str     0x0000000000074129       0xa6 lib_build/startup_XMC4500.o
 .debug_str     0x00000000000741cf      0xdfd lib_build/system_XMC4500.o
                                      0x70065 (size before relaxing)
 .debug_str     0x0000000000074fcc      0xf30 lib_build/syscalls.o
                                       0x7920 (size before relaxing)
 .debug_str     0x0000000000075efc      0x121 /usr/lib/gcc/arm-none-eabi/9.2.1/../../../arm-none-eabi/lib/thumb/v7e-m/nofp/libg.a(lib_a-errno.o)
                                        0x5ac (size before relaxing)
 .debug_str     0x000000000007601d       0x98 /usr/lib/gcc/arm-none-eabi/9.2.1/../../../arm-none-eabi/lib/thumb/v7e-m/nofp/libg.a(lib_a-impure.o)
                                        0x59a (size before relaxing)
 .debug_str     0x00000000000760b5       0xe8 /usr/lib/gcc/arm-none-eabi/9.2.1/../../../arm-none-eabi/lib/thumb/v7e-m/nofp/libg.a(lib_a-init.o)
                                        0x21e (size before relaxing)
 .debug_str     0x000000000007619d       0x95 /usr/lib/gcc/arm-none-eabi/9.2.1/../../../arm-none-eabi/lib/thumb/v7e-m/nofp/libg.a(lib_a-isalpha.o)
                                        0x1c0 (size before relaxing)
 .debug_str     0x0000000000076232       0xa1 /usr/lib/gcc/arm-none-eabi/9.2.1/../../../arm-none-eabi/lib/thumb/v7e-m/nofp/libg.a(lib_a-strlen.o)
                                         0xad (size before relaxing)
 .debug_str     0x00000000000762d3       0x34 /usr/lib/gcc/arm-none-eabi/9.2.1/../../../arm-none-eabi/lib/thumb/v7e-m/nofp/libg.a(lib_a-tolower.o)
                                        0x1c0 (size before relaxing)
 .debug_str     0x0000000000076307      0x2a0 /usr/lib/gcc/arm-none-eabi/9.2.1/../../../arm-none-eabi/lib/thumb/v7e-m/nofp/libg.a(lib_a-ctype_.o)
                                        0x8b2 (size before relaxing)

.debug_loc      0x0000000000000000      0xb70
 *(.debug_loc)
 .debug_loc     0x0000000000000000      0x28c build/PartA.o
 .debug_loc     0x000000000000028c       0xb8 lib_build/xmc_gpio.o
 .debug_loc     0x0000000000000344       0xb8 lib_build/xmc4_gpio.o
 .debug_loc     0x00000000000003fc      0x438 lib_build/xmc_common.o
 .debug_loc     0x0000000000000834      0x1a4 lib_build/system_XMC4500.o
 .debug_loc     0x00000000000009d8       0x94 lib_build/syscalls.o
 .debug_loc     0x0000000000000a6c       0xba /usr/lib/gcc/arm-none-eabi/9.2.1/../../../arm-none-eabi/lib/thumb/v7e-m/nofp/libg.a(lib_a-init.o)
 .debug_loc     0x0000000000000b26       0x25 /usr/lib/gcc/arm-none-eabi/9.2.1/../../../arm-none-eabi/lib/thumb/v7e-m/nofp/libg.a(lib_a-isalpha.o)
 .debug_loc     0x0000000000000b4b       0x25 /usr/lib/gcc/arm-none-eabi/9.2.1/../../../arm-none-eabi/lib/thumb/v7e-m/nofp/libg.a(lib_a-tolower.o)

.debug_macinfo
 *(.debug_macinfo)

.debug_ranges   0x0000000000000000      0x130
 *(.debug_ranges)
 .debug_ranges  0x0000000000000000       0x48 build/PartA.o
 .debug_ranges  0x0000000000000048       0x18 lib_build/xmc_gpio.o
 .debug_ranges  0x0000000000000060       0x18 lib_build/xmc4_gpio.o
 .debug_ranges  0x0000000000000078       0x68 lib_build/xmc_common.o
 .debug_ranges  0x00000000000000e0       0x38 lib_build/system_XMC4500.o
 .debug_ranges  0x0000000000000118       0x18 lib_build/syscalls.o

.debug_weaknames
 *(.debug_weaknames)

.debug_funcnames
 *(.debug_funcnames)

.debug_typenames
 *(.debug_typenames)

.debug_varnames
 *(.debug_varnames)

.build_attributes
                0x0000000000000000      0x27c
 *(.ARM.attributes)
 .ARM.attributes
                0x0000000000000000       0x32 build/PartA.o
 .ARM.attributes
                0x0000000000000032       0x32 lib_build/xmc_gpio.o
 .ARM.attributes
                0x0000000000000064       0x32 lib_build/xmc4_gpio.o
 .ARM.attributes
                0x0000000000000096       0x32 lib_build/xmc_common.o
 .ARM.attributes
                0x00000000000000c8       0x20 lib_build/startup_XMC4500.o
 .ARM.attributes
                0x00000000000000e8       0x32 lib_build/system_XMC4500.o
 .ARM.attributes
                0x000000000000011a       0x32 lib_build/syscalls.o
 .ARM.attributes
                0x000000000000014c       0x2e /usr/lib/gcc/arm-none-eabi/9.2.1/../../../arm-none-eabi/lib/thumb/v7e-m/nofp/libg.a(lib_a-errno.o)
 .ARM.attributes
                0x000000000000017a       0x2e /usr/lib/gcc/arm-none-eabi/9.2.1/../../../arm-none-eabi/lib/thumb/v7e-m/nofp/libg.a(lib_a-impure.o)
 .ARM.attributes
                0x00000000000001a8       0x2e /usr/lib/gcc/arm-none-eabi/9.2.1/../../../arm-none-eabi/lib/thumb/v7e-m/nofp/libg.a(lib_a-init.o)
 .ARM.attributes
                0x00000000000001d6       0x2e /usr/lib/gcc/arm-none-eabi/9.2.1/../../../arm-none-eabi/lib/thumb/v7e-m/nofp/libg.a(lib_a-isalpha.o)
 .ARM.attributes
                0x0000000000000204       0x1c /usr/lib/gcc/arm-none-eabi/9.2.1/../../../arm-none-eabi/lib/thumb/v7e-m/nofp/libg.a(lib_a-strlen.o)
 .ARM.attributes
                0x0000000000000220       0x2e /usr/lib/gcc/arm-none-eabi/9.2.1/../../../arm-none-eabi/lib/thumb/v7e-m/nofp/libg.a(lib_a-tolower.o)
 .ARM.attributes
                0x000000000000024e       0x2e /usr/lib/gcc/arm-none-eabi/9.2.1/../../../arm-none-eabi/lib/thumb/v7e-m/nofp/libg.a(lib_a-ctype_.o)
OUTPUT(build/main.elf elf32-littlearm)
LOAD linker stubs

.debug_macro    0x0000000000000000    0x18a28
 .debug_macro   0x0000000000000000      0x1bc build/PartA.o
 .debug_macro   0x00000000000001bc      0xa9c build/PartA.o
 .debug_macro   0x0000000000000c58      0x16d build/PartA.o
 .debug_macro   0x0000000000000dc5      0x34e build/PartA.o
 .debug_macro   0x0000000000001113       0x22 build/PartA.o
 .debug_macro   0x0000000000001135       0x22 build/PartA.o
 .debug_macro   0x0000000000001157       0x52 build/PartA.o
 .debug_macro   0x00000000000011a9       0x18 build/PartA.o
 .debug_macro   0x00000000000011c1       0x94 build/PartA.o
 .debug_macro   0x0000000000001255       0x35 build/PartA.o
 .debug_macro   0x000000000000128a       0x34 build/PartA.o
 .debug_macro   0x00000000000012be       0x16 build/PartA.o
 .debug_macro   0x00000000000012d4       0x43 build/PartA.o
 .debug_macro   0x0000000000001317       0x57 build/PartA.o
 .debug_macro   0x000000000000136e       0x34 build/PartA.o
 .debug_macro   0x00000000000013a2       0x10 build/PartA.o
 .debug_macro   0x00000000000013b2       0x52 build/PartA.o
 .debug_macro   0x0000000000001404      0x182 build/PartA.o
 .debug_macro   0x0000000000001586      0x35c build/PartA.o
 .debug_macro   0x00000000000018e2       0x10 build/PartA.o
 .debug_macro   0x00000000000018f2       0x35 build/PartA.o
 .debug_macro   0x0000000000001927      0x167 build/PartA.o
 .debug_macro   0x0000000000001a8e       0x2d build/PartA.o
 .debug_macro   0x0000000000001abb       0x28 build/PartA.o
 .debug_macro   0x0000000000001ae3       0xaf build/PartA.o
 .debug_macro   0x0000000000001b92      0xfe7 build/PartA.o
 .debug_macro   0x0000000000002b79       0x16 build/PartA.o
 .debug_macro   0x0000000000002b8f    0x1474b build/PartA.o
 .debug_macro   0x00000000000172da       0x12 build/PartA.o
 .debug_macro   0x00000000000172ec       0x4c build/PartA.o
 .debug_macro   0x0000000000017338       0x22 build/PartA.o
 .debug_macro   0x000000000001735a      0x861 build/PartA.o
 .debug_macro   0x0000000000017bbb       0xa5 build/PartA.o
 .debug_macro   0x0000000000017c60      0x18e lib_build/xmc_gpio.o
 .debug_macro   0x0000000000017dee      0x19a lib_build/xmc4_gpio.o
 .debug_macro   0x0000000000017f88      0x160 lib_build/xmc_common.o
 .debug_macro   0x00000000000180e8      0x2df lib_build/system_XMC4500.o
 .debug_macro   0x00000000000183c7       0x22 lib_build/system_XMC4500.o
 .debug_macro   0x00000000000183e9      0x16c lib_build/syscalls.o
 .debug_macro   0x0000000000018555       0x10 lib_build/syscalls.o
 .debug_macro   0x0000000000018565      0x23b lib_build/syscalls.o
 .debug_macro   0x00000000000187a0       0x10 lib_build/syscalls.o
 .debug_macro   0x00000000000187b0       0x6a lib_build/syscalls.o
 .debug_macro   0x000000000001881a       0x1c lib_build/syscalls.o
 .debug_macro   0x0000000000018836       0x52 lib_build/syscalls.o
 .debug_macro   0x0000000000018888       0x22 lib_build/syscalls.o
 .debug_macro   0x00000000000188aa       0x10 lib_build/syscalls.o
 .debug_macro   0x00000000000188ba       0x40 lib_build/syscalls.o
 .debug_macro   0x00000000000188fa       0xd5 lib_build/syscalls.o
 .debug_macro   0x00000000000189cf       0x1c lib_build/syscalls.o
 .debug_macro   0x00000000000189eb       0x3d lib_build/syscalls.o
